TypeScript typecheck passed with no errors.
